// Jest Snapshot v1, https://goo.gl/fbAQLP

exports[`equ should parse a string to its RPN representation 1`] = `
Array [
  Object {
    "expressions": Array [
      Object {
        "expressionType": "eq",
        "type": "expressionOperand",
        "value": "foo",
        "valueType": "string",
      },
      Object {
        "expressionType": "eq",
        "type": "expressionOperand",
        "value": "bar",
        "valueType": "string",
      },
      Object {
        "operator": "or",
        "type": "expressionOperator",
      },
    ],
    "path": "name.first",
    "type": "operand",
  },
  Object {
    "expressions": Array [
      Object {
        "expressionType": "ct",
        "type": "expressionOperand",
        "value": "foo",
        "valueType": "string",
      },
      Object {
        "expressionType": "ct",
        "type": "expressionOperand",
        "value": "bar",
        "valueType": "string",
      },
      Object {
        "operator": "and",
        "type": "expressionOperator",
      },
    ],
    "path": "email",
    "type": "operand",
  },
  Object {
    "operator": "or",
    "type": "operator",
  },
  Object {
    "expressions": Array [
      Object {
        "expressionType": "gt",
        "type": "expressionOperand",
        "value": 4.5,
        "valueType": "number",
      },
      Object {
        "expressionType": "lt",
        "type": "expressionOperand",
        "value": -10,
        "valueType": "number",
      },
      Object {
        "operator": "and",
        "type": "expressionOperator",
      },
      Object {
        "expressionType": "eq",
        "type": "expressionOperand",
        "value": 15,
        "valueType": "number",
      },
      Object {
        "operator": "or",
        "type": "expressionOperator",
      },
    ],
    "path": "age",
    "type": "operand",
  },
  Object {
    "operator": "and",
    "type": "operator",
  },
]
`;

exports[`equ should parse exist operator with booleans 1`] = `
Array [
  Object {
    "expressions": Array [
      Object {
        "expressionType": "ex",
        "type": "expressionOperand",
        "value": true,
        "valueType": "boolean",
      },
    ],
    "path": "path",
    "type": "operand",
  },
  Object {
    "expressions": Array [
      Object {
        "expressionType": "ex",
        "type": "expressionOperand",
        "value": false,
        "valueType": "boolean",
      },
    ],
    "path": "path2",
    "type": "operand",
  },
  Object {
    "operator": "and",
    "type": "operator",
  },
]
`;

exports[`equ should throw an error on missing " 1`] = `"expected filter value but got TEST2]"`;

exports[`equ should throw an error on missing " 2`] = `"expected string to end, but got TEST2]"`;

exports[`equ should throw an error on parsing ex operator without a boolean 1`] = `"encountered ex operator with the value 1, but it must be boolean"`;
